smartctl 7.2 2020-12-30 r5155 [Darwin 20.3.0 arm64] (local build)
Copyright (C) 2002-20, Bruce Allen, Christian Franke, www.smartmontools.org

=== START OF INFORMATION SECTION ===
Model Number:                       APPLE SSD AP0512Q
Serial Number:                      0ba0127a24b4481b
Firmware Version:                   2.101.1
PCI Vendor/Subsystem ID:            0x106b
IEEE OUI Identifier:                0x000000
Controller ID:                      0
NVMe Version:                       <1.2
Number of Namespaces:               3
Local Time is:                      Sat Jul  3 22:46:23 2021 CST
Firmware Updates (0x02):            1 Slot
Optional Admin Commands (0x0004):   Frmw_DL
Optional NVM Commands (0x0004):     DS_Mngmt
Maximum Data Transfer Size:         256 Pages

Supported Power States
St Op     Max   Active     Idle   RL RT WL WT  Ent_Lat  Ex_Lat
 0 +     0.00W       -        -    0  0  0  0        0       0

=== START OF SMART DATA SECTION ===
SMART overall-health self-assessment test result: PASSED

SMART/Health Information (NVMe Log 0x02)
Critical Warning:                   0x00
Temperature:                        31 Celsius
Available Spare:                    100%
Available Spare Threshold:          99%
Percentage Used:                    0%
Data Units Read:                    7,346,255 [3.76 TB]
Data Units Written:                 4,099,268 [2.09 TB]
Host Read Commands:                 116,217,420
Host Write Commands:                72,080,018
Controller Busy Time:               0
Power Cycles:                       118
Power On Hours:                     76
Unsafe Shutdowns:                   5
Media and Data Integrity Errors:    0
Error Information Log Entries:      0

Read 1 entries from Error Information Log failed: GetLogPage failed: system=0x38, sub=0x0, code=745

smartctl 7.2 2020-12-30 r5155 [Darwin 20.3.0 arm64] (local build)
Copyright (C) 2002-20, Bruce Allen, Christian Franke, www.smartmontools.org

=== START OF INFORMATION SECTION ===
Model Number:                       APPLE SSD AP0512Q
Serial Number:                      0ba0127a24b4481b
Firmware Version:                   2.101.1
PCI Vendor/Subsystem ID:            0x106b
IEEE OUI Identifier:                0x000000
Controller ID:                      0
NVMe Version:                       <1.2
Number of Namespaces:               3
Local Time is:                      Sat Jul  3 22:46:31 2021 CST
Firmware Updates (0x02):            1 Slot
Optional Admin Commands (0x0004):   Frmw_DL
Optional NVM Commands (0x0004):     DS_Mngmt
Maximum Data Transfer Size:         256 Pages

Supported Power States
St Op     Max   Active     Idle   RL RT WL WT  Ent_Lat  Ex_Lat
 0 +     0.00W       -        -    0  0  0  0        0       0


"Sat Jul 03 2021 22:48:03 GMT+0800 (China Standard Time)"
=== START OF SMART DATA SECTION ===
SMART overall-health self-assessment test result: PASSED

SMART/Health Information (NVMe Log 0x02)
Critical Warning:                   0x00
Temperature:                        32 Celsius
Available Spare:                    100%
Available Spare Threshold:          99%
Percentage Used:                    0%
Data Units Read:                    7,346,260 [3.76 TB]
Data Units Written:                 4,099,302 [2.09 TB]
Host Read Commands:                 116,217,552
Host Write Commands:                72,080,140
Controller Busy Time:               0
Power Cycles:                       118
Power On Hours:                     76
Unsafe Shutdowns:                   5
Media and Data Integrity Errors:    0
Error Information Log Entries:      0

Read 1 entries from Error Information Log failed: GetLogPage failed: system=0x38, sub=0x0, code=745

smartctl 7.2 2020-12-30 r5155 [Darwin 20.3.0 arm64] (local build)
Copyright (C) 2002-20, Bruce Allen, Christian Franke, www.smartmontools.org

=== START OF INFORMATION SECTION ===
Model Number:                       APPLE SSD AP0512Q
Serial Number:                      0ba0127a24b4481b
Firmware Version:                   2.101.1
PCI Vendor/Subsystem ID:            0x106b
IEEE OUI Identifier:                0x000000
Controller ID:                      0
NVMe Version:                       <1.2
Number of Namespaces:               3
Local Time is:                      Thu Jul  8 08:22:32 2021 CST
Firmware Updates (0x02):            1 Slot
Optional Admin Commands (0x0004):   Frmw_DL
Optional NVM Commands (0x0004):     DS_Mngmt
Maximum Data Transfer Size:         256 Pages

Supported Power States
St Op     Max   Active     Idle   RL RT WL WT  Ent_Lat  Ex_Lat
 0 +     0.00W       -        -    0  0  0  0        0       0

=== START OF SMART DATA SECTION ===
SMART overall-health self-assessment test result: PASSED

SMART/Health Information (NVMe Log 0x02)
Critical Warning:                   0x00
Temperature:                        39 Celsius
Available Spare:                    100%
Available Spare Threshold:          99%
Percentage Used:                    0%
Data Units Read:                    8,302,978 [4.25 TB]
Data Units Written:                 4,907,408 [2.51 TB]
Host Read Commands:                 124,621,909
Host Write Commands:                78,159,512
Controller Busy Time:               0
Power Cycles:                       118
Power On Hours:                     84
Unsafe Shutdowns:                   5
Media and Data Integrity Errors:    0
Error Information Log Entries:      0

Read 1 entries from Error Information Log failed: GetLogPage failed: system=0x38, sub=0x0, code=745

smartctl 7.2 2020-12-30 r5155 [Darwin 20.3.0 arm64] (local build)
Copyright (C) 2002-20, Bruce Allen, Christian Franke, www.smartmontools.org

=== START OF INFORMATION SECTION ===
Model Number:                       APPLE SSD AP0512Q
Serial Number:                      0ba0127a24b4481b
Firmware Version:                   2.101.1
PCI Vendor/Subsystem ID:            0x106b
IEEE OUI Identifier:                0x000000
Controller ID:                      0
NVMe Version:                       <1.2
Number of Namespaces:               3
Local Time is:                      Thu Jul  8 09:22:41 2021 CST
Firmware Updates (0x02):            1 Slot
Optional Admin Commands (0x0004):   Frmw_DL
Optional NVM Commands (0x0004):     DS_Mngmt
Maximum Data Transfer Size:         256 Pages

Supported Power States
St Op     Max   Active     Idle   RL RT WL WT  Ent_Lat  Ex_Lat
 0 +     0.00W       -        -    0  0  0  0        0       0

=== START OF SMART DATA SECTION ===
SMART overall-health self-assessment test result: PASSED

SMART/Health Information (NVMe Log 0x02)
Critical Warning:                   0x00
Temperature:                        41 Celsius
Available Spare:                    100%
Available Spare Threshold:          99%
Percentage Used:                    0%
Data Units Read:                    8,320,454 [4.26 TB]
Data Units Written:                 4,920,514 [2.51 TB]
Host Read Commands:                 124,866,658
Host Write Commands:                78,281,238
Controller Busy Time:               0
Power Cycles:                       118
Power On Hours:                     84
Unsafe Shutdowns:                   5
Media and Data Integrity Errors:    0
Error Information Log Entries:      0

Read 1 entries from Error Information Log failed: GetLogPage failed: system=0x38, sub=0x0, code=745


smartctl 7.2 2020-12-30 r5155 [Darwin 20.3.0 arm64] (local build)
Copyright (C) 2002-20, Bruce Allen, Christian Franke, www.smartmontools.org

=== START OF INFORMATION SECTION ===
Model Number:                       APPLE SSD AP0512Q
Serial Number:                      0ba0127a24b4481b
Firmware Version:                   2.101.1
PCI Vendor/Subsystem ID:            0x106b
IEEE OUI Identifier:                0x000000
Controller ID:                      0
NVMe Version:                       <1.2
Number of Namespaces:               3
Local Time is:                      Thu Jul  8 09:29:58 2021 CST
Firmware Updates (0x02):            1 Slot
Optional Admin Commands (0x0004):   Frmw_DL
Optional NVM Commands (0x0004):     DS_Mngmt
Maximum Data Transfer Size:         256 Pages

Supported Power States
St Op     Max   Active     Idle   RL RT WL WT  Ent_Lat  Ex_Lat
 0 +     0.00W       -        -    0  0  0  0        0       0

=== START OF SMART DATA SECTION ===
SMART overall-health self-assessment test result: PASSED

SMART/Health Information (NVMe Log 0x02)
Critical Warning:                   0x00
Temperature:                        42 Celsius
Available Spare:                    100%
Available Spare Threshold:          99%
Percentage Used:                    0%
Data Units Read:                    8,324,761 [4.26 TB]
Data Units Written:                 4,922,138 [2.52 TB]
Host Read Commands:                 124,893,088
Host Write Commands:                78,298,905
Controller Busy Time:               0
Power Cycles:                       118
Power On Hours:                     84
Unsafe Shutdowns:                   5
Media and Data Integrity Errors:    0
Error Information Log Entries:      0

Read 1 entries from Error Information Log failed: GetLogPage failed: system=0x38, sub=0x0, code=745

smartctl 7.2 2020-12-30 r5155 [Darwin 20.3.0 arm64] (local build)
Copyright (C) 2002-20, Bruce Allen, Christian Franke, www.smartmontools.org

=== START OF INFORMATION SECTION ===
Model Number:                       APPLE SSD AP0512Q
Serial Number:                      0ba0127a24b4481b
Firmware Version:                   2.101.1
PCI Vendor/Subsystem ID:            0x106b
IEEE OUI Identifier:                0x000000
Controller ID:                      0
NVMe Version:                       <1.2
Number of Namespaces:               3
Local Time is:                      Wed Jul 14 19:11:50 2021 CST
Firmware Updates (0x02):            1 Slot
Optional Admin Commands (0x0004):   Frmw_DL
Optional NVM Commands (0x0004):     DS_Mngmt
Maximum Data Transfer Size:         256 Pages

Supported Power States
St Op     Max   Active     Idle   RL RT WL WT  Ent_Lat  Ex_Lat
 0 +     0.00W       -        -    0  0  0  0        0       0

=== START OF SMART DATA SECTION ===
SMART overall-health self-assessment test result: PASSED

SMART/Health Information (NVMe Log 0x02)
Critical Warning:                   0x00
Temperature:                        37 Celsius
Available Spare:                    100%
Available Spare Threshold:          99%
Percentage Used:                    0%
Data Units Read:                    9,675,325 [4.95 TB]
Data Units Written:                 6,062,524 [3.10 TB]
Host Read Commands:                 138,810,710
Host Write Commands:                89,505,565
Controller Busy Time:               0
Power Cycles:                       119
Power On Hours:                     97
Unsafe Shutdowns:                   5
Media and Data Integrity Errors:    0
Error Information Log Entries:      0

Read 1 entries from Error Information Log failed: GetLogPage failed: system=0x38, sub=0x0, code=745

smartctl 7.2 2020-12-30 r5155 [Darwin 20.3.0 arm64] (local build)
Copyright (C) 2002-20, Bruce Allen, Christian Franke, www.smartmontools.org

=== START OF INFORMATION SECTION ===
Model Number:                       APPLE SSD AP0512Q
Serial Number:                      0ba0127a24b4481b
Firmware Version:                   2.101.1
PCI Vendor/Subsystem ID:            0x106b
IEEE OUI Identifier:                0x000000
Controller ID:                      0
NVMe Version:                       <1.2
Number of Namespaces:               3
Local Time is:                      Thu Jul 15 15:32:36 2021 CST
Firmware Updates (0x02):            1 Slot
Optional Admin Commands (0x0004):   Frmw_DL
Optional NVM Commands (0x0004):     DS_Mngmt
Maximum Data Transfer Size:         256 Pages

Supported Power States
St Op     Max   Active     Idle   RL RT WL WT  Ent_Lat  Ex_Lat
 0 +     0.00W       -        -    0  0  0  0        0       0

=== START OF SMART DATA SECTION ===
SMART overall-health self-assessment test result: PASSED

SMART/Health Information (NVMe Log 0x02)
Critical Warning:                   0x00
Temperature:                        39 Celsius
Available Spare:                    100%
Available Spare Threshold:          99%
Percentage Used:                    0%
Data Units Read:                    9,772,479 [5.00 TB]
Data Units Written:                 6,115,638 [3.13 TB]
Host Read Commands:                 140,904,162
Host Write Commands:                90,944,052
Controller Busy Time:               0
Power Cycles:                       121
Power On Hours:                     98
Unsafe Shutdowns:                   5
Media and Data Integrity Errors:    0
Error Information Log Entries:      0

Read 1 entries from Error Information Log failed: GetLogPage failed: system=0x38, sub=0x0, code=745

smartctl 7.2 2020-12-30 r5155 [Darwin 20.3.0 arm64] (local build)
Copyright (C) 2002-20, Bruce Allen, Christian Franke, www.smartmontools.org

=== START OF INFORMATION SECTION ===
Model Number:                       APPLE SSD AP0512Q
Serial Number:                      0ba0127a24b4481b
Firmware Version:                   2.101.1
PCI Vendor/Subsystem ID:            0x106b
IEEE OUI Identifier:                0x000000
Controller ID:                      0
NVMe Version:                       <1.2
Number of Namespaces:               3
Local Time is:                      Thu Jul 15 17:38:37 2021 CST
Firmware Updates (0x02):            1 Slot
Optional Admin Commands (0x0004):   Frmw_DL
Optional NVM Commands (0x0004):     DS_Mngmt
Maximum Data Transfer Size:         256 Pages

Supported Power States
St Op     Max   Active     Idle   RL RT WL WT  Ent_Lat  Ex_Lat
 0 +     0.00W       -        -    0  0  0  0        0       0

=== START OF SMART DATA SECTION ===
SMART overall-health self-assessment test result: PASSED

SMART/Health Information (NVMe Log 0x02)
Critical Warning:                   0x00
Temperature:                        39 Celsius
Available Spare:                    100%
Available Spare Threshold:          99%
Percentage Used:                    0%
Data Units Read:                    9,971,562 [5.10 TB]
Data Units Written:                 6,119,042 [3.13 TB]
Host Read Commands:                 141,470,005
Host Write Commands:                91,069,396
Controller Busy Time:               0
Power Cycles:                       122
Power On Hours:                     98
Unsafe Shutdowns:                   6
Media and Data Integrity Errors:    0
Error Information Log Entries:      0

Read 1 entries from Error Information Log failed: GetLogPage failed: system=0x38, sub=0x0, code=745

smartctl 7.2 2020-12-30 r5155 [Darwin 20.3.0 arm64] (local build)
Copyright (C) 2002-20, Bruce Allen, Christian Franke, www.smartmontools.org

=== START OF INFORMATION SECTION ===
Model Number:                       APPLE SSD AP0512Q
Serial Number:                      0ba0127a24b4481b
Firmware Version:                   2.101.1
PCI Vendor/Subsystem ID:            0x106b
IEEE OUI Identifier:                0x000000
Controller ID:                      0
NVMe Version:                       <1.2
Number of Namespaces:               3
Local Time is:                      Sun Jul 18 10:00:18 2021 CST
Firmware Updates (0x02):            1 Slot
Optional Admin Commands (0x0004):   Frmw_DL
Optional NVM Commands (0x0004):     DS_Mngmt
Maximum Data Transfer Size:         256 Pages

Supported Power States
St Op     Max   Active     Idle   RL RT WL WT  Ent_Lat  Ex_Lat
 0 +     0.00W       -        -    0  0  0  0        0       0

=== START OF SMART DATA SECTION ===
SMART overall-health self-assessment test result: PASSED

SMART/Health Information (NVMe Log 0x02)
Critical Warning:                   0x00
Temperature:                        34 Celsius
Available Spare:                    100%
Available Spare Threshold:          99%
Percentage Used:                    0%
Data Units Read:                    10,260,521 [5.25 TB]
Data Units Written:                 6,374,102 [3.26 TB]
Host Read Commands:                 146,006,054
Host Write Commands:                95,358,549
Controller Busy Time:               0
Power Cycles:                       122
Power On Hours:                     102
Unsafe Shutdowns:                   6
Media and Data Integrity Errors:    0
Error Information Log Entries:      0

Read 1 entries from Error Information Log failed: GetLogPage failed: system=0x38, sub=0x0, code=745

smartctl 7.2 2020-12-30 r5155 [Darwin 20.3.0 arm64] (local build)
Copyright (C) 2002-20, Bruce Allen, Christian Franke, www.smartmontools.org

=== START OF INFORMATION SECTION ===
Model Number:                       APPLE SSD AP0512Q
Serial Number:                      0ba0127a24b4481b
Firmware Version:                   2.101.1
PCI Vendor/Subsystem ID:            0x106b
IEEE OUI Identifier:                0x000000
Controller ID:                      0
NVMe Version:                       <1.2
Number of Namespaces:               3
Local Time is:                      Mon Jul 19 11:31:53 2021 CST
Firmware Updates (0x02):            1 Slot
Optional Admin Commands (0x0004):   Frmw_DL
Optional NVM Commands (0x0004):     DS_Mngmt
Maximum Data Transfer Size:         256 Pages

Supported Power States
St Op     Max   Active     Idle   RL RT WL WT  Ent_Lat  Ex_Lat
 0 +     0.00W       -        -    0  0  0  0        0       0

=== START OF SMART DATA SECTION ===
SMART overall-health self-assessment test result: PASSED

SMART/Health Information (NVMe Log 0x02)
Critical Warning:                   0x00
Temperature:                        40 Celsius
Available Spare:                    100%
Available Spare Threshold:          99%
Percentage Used:                    0%
Data Units Read:                    10,429,364 [5.33 TB]
Data Units Written:                 6,522,171 [3.33 TB]
Host Read Commands:                 147,773,641
Host Write Commands:                98,373,685
Controller Busy Time:               0
Power Cycles:                       122
Power On Hours:                     105
Unsafe Shutdowns:                   6
Media and Data Integrity Errors:    0
Error Information Log Entries:      0

Read 1 entries from Error Information Log failed: GetLogPage failed: system=0x38, sub=0x0, code=745

smartctl 7.2 2020-12-30 r5155 [Darwin 20.3.0 arm64] (local build)
Copyright (C) 2002-20, Bruce Allen, Christian Franke, www.smartmontools.org

=== START OF INFORMATION SECTION ===
Model Number:                       APPLE SSD AP0512Q
Serial Number:                      0ba0127a24b4481b
Firmware Version:                   2.101.1
PCI Vendor/Subsystem ID:            0x106b
IEEE OUI Identifier:                0x000000
Controller ID:                      0
NVMe Version:                       <1.2
Number of Namespaces:               3
Local Time is:                      Wed Jul 21 09:56:22 2021 CST
Firmware Updates (0x02):            1 Slot
Optional Admin Commands (0x0004):   Frmw_DL
Optional NVM Commands (0x0004):     DS_Mngmt
Maximum Data Transfer Size:         256 Pages

Supported Power States
St Op     Max   Active     Idle   RL RT WL WT  Ent_Lat  Ex_Lat
 0 +     0.00W       -        -    0  0  0  0        0       0

=== START OF SMART DATA SECTION ===
SMART overall-health self-assessment test result: PASSED

SMART/Health Information (NVMe Log 0x02)
Critical Warning:                   0x00
Temperature:                        44 Celsius
Available Spare:                    100%
Available Spare Threshold:          99%
Percentage Used:                    0%
Data Units Read:                    10,710,964 [5.48 TB]
Data Units Written:                 6,763,465 [3.46 TB]
Host Read Commands:                 151,594,440
Host Write Commands:                101,836,958
Controller Busy Time:               0
Power Cycles:                       122
Power On Hours:                     109
Unsafe Shutdowns:                   6
Media and Data Integrity Errors:    0
Error Information Log Entries:      0

Read 1 entries from Error Information Log failed: GetLogPage failed: system=0x38, sub=0x0, code=745

smartctl 7.2 2020-12-30 r5155 [Darwin 20.3.0 arm64] (local build)
Copyright (C) 2002-20, Bruce Allen, Christian Franke, www.smartmontools.org

=== START OF INFORMATION SECTION ===
Model Number:                       APPLE SSD AP0512Q
Serial Number:                      0ba0127a24b4481b
Firmware Version:                   2.101.1
PCI Vendor/Subsystem ID:            0x106b
IEEE OUI Identifier:                0x000000
Controller ID:                      0
NVMe Version:                       <1.2
Number of Namespaces:               3
Local Time is:                      Sat Jul 24 15:06:35 2021 CST
Firmware Updates (0x02):            1 Slot
Optional Admin Commands (0x0004):   Frmw_DL
Optional NVM Commands (0x0004):     DS_Mngmt
Maximum Data Transfer Size:         256 Pages

Supported Power States
St Op     Max   Active     Idle   RL RT WL WT  Ent_Lat  Ex_Lat
 0 +     0.00W       -        -    0  0  0  0        0       0

=== START OF SMART DATA SECTION ===
SMART overall-health self-assessment test result: PASSED

SMART/Health Information (NVMe Log 0x02)
Critical Warning:                   0x00
Temperature:                        45 Celsius
Available Spare:                    100%
Available Spare Threshold:          99%
Percentage Used:                    0%
Data Units Read:                    12,185,736 [6.23 TB]
Data Units Written:                 8,096,705 [4.14 TB]
Host Read Commands:                 162,907,411
Host Write Commands:                110,772,287
Controller Busy Time:               0
Power Cycles:                       122
Power On Hours:                     118
Unsafe Shutdowns:                   6
Media and Data Integrity Errors:    0
Error Information Log Entries:      0

Read 1 entries from Error Information Log failed: GetLogPage failed: system=0x38, sub=0x0, code=745

smartctl 7.2 2020-12-30 r5155 [Darwin 20.3.0 arm64] (local build)
Copyright (C) 2002-20, Bruce Allen, Christian Franke, www.smartmontools.org

=== START OF INFORMATION SECTION ===
Model Number:                       APPLE SSD AP0512Q
Serial Number:                      0ba0127a24b4481b
Firmware Version:                   2.101.1
PCI Vendor/Subsystem ID:            0x106b
IEEE OUI Identifier:                0x000000
Controller ID:                      0
NVMe Version:                       <1.2
Number of Namespaces:               3
Local Time is:                      Sun Jul 25 09:20:12 2021 CST
Firmware Updates (0x02):            1 Slot
Optional Admin Commands (0x0004):   Frmw_DL
Optional NVM Commands (0x0004):     DS_Mngmt
Maximum Data Transfer Size:         256 Pages

Supported Power States
St Op     Max   Active     Idle   RL RT WL WT  Ent_Lat  Ex_Lat
 0 +     0.00W       -        -    0  0  0  0        0       0

=== START OF SMART DATA SECTION ===
SMART overall-health self-assessment test result: PASSED

SMART/Health Information (NVMe Log 0x02)
Critical Warning:                   0x00
Temperature:                        39 Celsius
Available Spare:                    100%
Available Spare Threshold:          99%
Percentage Used:                    0%
Data Units Read:                    12,371,042 [6.33 TB]
Data Units Written:                 8,243,746 [4.22 TB]
Host Read Commands:                 164,653,693
Host Write Commands:                111,954,750
Controller Busy Time:               0
Power Cycles:                       122
Power On Hours:                     119
Unsafe Shutdowns:                   6
Media and Data Integrity Errors:    0
Error Information Log Entries:      0

Read 1 entries from Error Information Log failed: GetLogPage failed: system=0x38, sub=0x0, code=745

smartctl 7.2 2020-12-30 r5155 [Darwin 20.3.0 arm64] (local build)
Copyright (C) 2002-20, Bruce Allen, Christian Franke, www.smartmontools.org

=== START OF INFORMATION SECTION ===
Model Number:                       APPLE SSD AP0512Q
Serial Number:                      0ba0127a24b4481b
Firmware Version:                   2.101.1
PCI Vendor/Subsystem ID:            0x106b
IEEE OUI Identifier:                0x000000
Controller ID:                      0
NVMe Version:                       <1.2
Number of Namespaces:               3
Local Time is:                      Mon Jul 26 18:43:07 2021 CST
Firmware Updates (0x02):            1 Slot
Optional Admin Commands (0x0004):   Frmw_DL
Optional NVM Commands (0x0004):     DS_Mngmt
Maximum Data Transfer Size:         256 Pages

Supported Power States
St Op     Max   Active     Idle   RL RT WL WT  Ent_Lat  Ex_Lat
 0 +     0.00W       -        -    0  0  0  0        0       0

=== START OF SMART DATA SECTION ===
SMART overall-health self-assessment test result: PASSED

SMART/Health Information (NVMe Log 0x02)
Critical Warning:                   0x00
Temperature:                        48 Celsius
Available Spare:                    100%
Available Spare Threshold:          99%
Percentage Used:                    0%
Data Units Read:                    12,608,979 [6.45 TB]
Data Units Written:                 8,398,605 [4.30 TB]
Host Read Commands:                 167,864,702
Host Write Commands:                114,001,445
Controller Busy Time:               0
Power Cycles:                       122
Power On Hours:                     122
Unsafe Shutdowns:                   6
Media and Data Integrity Errors:    0
Error Information Log Entries:      0

Read 1 entries from Error Information Log failed: GetLogPage failed: system=0x38, sub=0x0, code=745

smartctl 7.2 2020-12-30 r5155 [Darwin 20.3.0 arm64] (local build)
Copyright (C) 2002-20, Bruce Allen, Christian Franke, www.smartmontools.org

=== START OF INFORMATION SECTION ===
Model Number:                       APPLE SSD AP0512Q
Serial Number:                      0ba0127a24b4481b
Firmware Version:                   2.101.1
PCI Vendor/Subsystem ID:            0x106b
IEEE OUI Identifier:                0x000000
Controller ID:                      0
NVMe Version:                       <1.2
Number of Namespaces:               3
Local Time is:                      Mon Jul 26 21:48:40 2021 CST
Firmware Updates (0x02):            1 Slot
Optional Admin Commands (0x0004):   Frmw_DL
Optional NVM Commands (0x0004):     DS_Mngmt
Maximum Data Transfer Size:         256 Pages

Supported Power States
St Op     Max   Active     Idle   RL RT WL WT  Ent_Lat  Ex_Lat
 0 +     0.00W       -        -    0  0  0  0        0       0

=== START OF SMART DATA SECTION ===
SMART overall-health self-assessment test result: PASSED

SMART/Health Information (NVMe Log 0x02)
Critical Warning:                   0x00
Temperature:                        42 Celsius
Available Spare:                    100%
Available Spare Threshold:          99%
Percentage Used:                    0%
Data Units Read:                    12,659,289 [6.48 TB]
Data Units Written:                 8,424,969 [4.31 TB]
Host Read Commands:                 168,602,103
Host Write Commands:                114,551,597
Controller Busy Time:               0
Power Cycles:                       123
Power On Hours:                     123
Unsafe Shutdowns:                   6
Media and Data Integrity Errors:    0
Error Information Log Entries:      0

Read 1 entries from Error Information Log failed: GetLogPage failed: system=0x38, sub=0x0, code=745

smartctl 7.2 2020-12-30 r5155 [Darwin 20.3.0 arm64] (local build)
Copyright (C) 2002-20, Bruce Allen, Christian Franke, www.smartmontools.org

=== START OF INFORMATION SECTION ===
Model Number:                       APPLE SSD AP0512Q
Serial Number:                      0ba0127a24b4481b
Firmware Version:                   2.101.1
PCI Vendor/Subsystem ID:            0x106b
IEEE OUI Identifier:                0x000000
Controller ID:                      0
NVMe Version:                       <1.2
Number of Namespaces:               3
Local Time is:                      Wed Jul 28 09:51:09 2021 CST
Firmware Updates (0x02):            1 Slot
Optional Admin Commands (0x0004):   Frmw_DL
Optional NVM Commands (0x0004):     DS_Mngmt
Maximum Data Transfer Size:         256 Pages

Supported Power States
St Op     Max   Active     Idle   RL RT WL WT  Ent_Lat  Ex_Lat
 0 +     0.00W       -        -    0  0  0  0        0       0

=== START OF SMART DATA SECTION ===
SMART overall-health self-assessment test result: PASSED

SMART/Health Information (NVMe Log 0x02)
Critical Warning:                   0x00
Temperature:                        41 Celsius
Available Spare:                    100%
Available Spare Threshold:          99%
Percentage Used:                    0%
Data Units Read:                    12,819,626 [6.56 TB]
Data Units Written:                 8,579,634 [4.39 TB]
Host Read Commands:                 171,300,451
Host Write Commands:                117,455,972
Controller Busy Time:               0
Power Cycles:                       123
Power On Hours:                     126
Unsafe Shutdowns:                   6
Media and Data Integrity Errors:    0
Error Information Log Entries:      0

Read 1 entries from Error Information Log failed: GetLogPage failed: system=0x38, sub=0x0, code=745

smartctl 7.2 2020-12-30 r5155 [Darwin 20.3.0 arm64] (local build)
Copyright (C) 2002-20, Bruce Allen, Christian Franke, www.smartmontools.org

=== START OF INFORMATION SECTION ===
Model Number:                       APPLE SSD AP0512Q
Serial Number:                      0ba0127a24b4481b
Firmware Version:                   2.101.1
PCI Vendor/Subsystem ID:            0x106b
IEEE OUI Identifier:                0x000000
Controller ID:                      0
NVMe Version:                       <1.2
Number of Namespaces:               3
Local Time is:                      Thu Jul 29 17:13:57 2021 CST
Firmware Updates (0x02):            1 Slot
Optional Admin Commands (0x0004):   Frmw_DL
Optional NVM Commands (0x0004):     DS_Mngmt
Maximum Data Transfer Size:         256 Pages

Supported Power States
St Op     Max   Active     Idle   RL RT WL WT  Ent_Lat  Ex_Lat
 0 +     0.00W       -        -    0  0  0  0        0       0

=== START OF SMART DATA SECTION ===
SMART overall-health self-assessment test result: PASSED

SMART/Health Information (NVMe Log 0x02)
Critical Warning:                   0x00
Temperature:                        38 Celsius
Available Spare:                    100%
Available Spare Threshold:          99%
Percentage Used:                    0%
Data Units Read:                    12,997,111 [6.65 TB]
Data Units Written:                 8,757,698 [4.48 TB]
Host Read Commands:                 174,388,898
Host Write Commands:                120,579,281
Controller Busy Time:               0
Power Cycles:                       124
Power On Hours:                     130
Unsafe Shutdowns:                   6
Media and Data Integrity Errors:    0
Error Information Log Entries:      0

Read 1 entries from Error Information Log failed: GetLogPage failed: system=0x38, sub=0x0, code=745

smartctl 7.2 2020-12-30 r5155 [Darwin 20.3.0 arm64] (local build)
Copyright (C) 2002-20, Bruce Allen, Christian Franke, www.smartmontools.org

=== START OF INFORMATION SECTION ===
Model Number:                       APPLE SSD AP0512Q
Serial Number:                      0ba0127a24b4481b
Firmware Version:                   2.101.1
PCI Vendor/Subsystem ID:            0x106b
IEEE OUI Identifier:                0x000000
Controller ID:                      0
NVMe Version:                       <1.2
Number of Namespaces:               3
Local Time is:                      Tue Aug  3 09:46:09 2021 CST
Firmware Updates (0x02):            1 Slot
Optional Admin Commands (0x0004):   Frmw_DL
Optional NVM Commands (0x0004):     DS_Mngmt
Maximum Data Transfer Size:         256 Pages

Supported Power States
St Op     Max   Active     Idle   RL RT WL WT  Ent_Lat  Ex_Lat
 0 +     0.00W       -        -    0  0  0  0        0       0

=== START OF SMART DATA SECTION ===
SMART overall-health self-assessment test result: PASSED

SMART/Health Information (NVMe Log 0x02)
Critical Warning:                   0x00
Temperature:                        40 Celsius
Available Spare:                    100%
Available Spare Threshold:          99%
Percentage Used:                    0%
Data Units Read:                    13,673,870 [7.00 TB]
Data Units Written:                 9,316,211 [4.76 TB]
Host Read Commands:                 183,289,685
Host Write Commands:                128,933,990
Controller Busy Time:               0
Power Cycles:                       124
Power On Hours:                     139
Unsafe Shutdowns:                   6
Media and Data Integrity Errors:    0
Error Information Log Entries:      0

Read 1 entries from Error Information Log failed: GetLogPage failed: system=0x38, sub=0x0, code=745

smartctl 7.2 2020-12-30 r5155 [Darwin 20.3.0 arm64] (local build)
Copyright (C) 2002-20, Bruce Allen, Christian Franke, www.smartmontools.org

=== START OF INFORMATION SECTION ===
Model Number:                       APPLE SSD AP0512Q
Serial Number:                      0ba0127a24b4481b
Firmware Version:                   2.101.1
PCI Vendor/Subsystem ID:            0x106b
IEEE OUI Identifier:                0x000000
Controller ID:                      0
NVMe Version:                       <1.2
Number of Namespaces:               3
Local Time is:                      Tue Aug 10 14:32:20 2021 CST
Firmware Updates (0x02):            1 Slot
Optional Admin Commands (0x0004):   Frmw_DL
Optional NVM Commands (0x0004):     DS_Mngmt
Maximum Data Transfer Size:         256 Pages

Supported Power States
St Op     Max   Active     Idle   RL RT WL WT  Ent_Lat  Ex_Lat
 0 +     0.00W       -        -    0  0  0  0        0       0

=== START OF SMART DATA SECTION ===
SMART overall-health self-assessment test result: PASSED

SMART/Health Information (NVMe Log 0x02)
Critical Warning:                   0x00
Temperature:                        41 Celsius
Available Spare:                    100%
Available Spare Threshold:          99%
Percentage Used:                    0%
Data Units Read:                    19,800,535 [10.1 TB]
Data Units Written:                 15,277,333 [7.82 TB]
Host Read Commands:                 214,497,306
Host Write Commands:                157,785,007
Controller Busy Time:               0
Power Cycles:                       126
Power On Hours:                     166
Unsafe Shutdowns:                   6
Media and Data Integrity Errors:    0
Error Information Log Entries:      0

Read 1 entries from Error Information Log failed: GetLogPage failed: system=0x38, sub=0x0, code=745

smartctl 7.2 2020-12-30 r5155 [Darwin 20.3.0 arm64] (local build)
Copyright (C) 2002-20, Bruce Allen, Christian Franke, www.smartmontools.org

=== START OF INFORMATION SECTION ===
Model Number:                       APPLE SSD AP0512Q
Serial Number:                      0ba0127a24b4481b
Firmware Version:                   2.101.1
PCI Vendor/Subsystem ID:            0x106b
IEEE OUI Identifier:                0x000000
Controller ID:                      0
NVMe Version:                       <1.2
Number of Namespaces:               3
Local Time is:                      Tue Aug 10 19:26:07 2021 CST
Firmware Updates (0x02):            1 Slot
Optional Admin Commands (0x0004):   Frmw_DL
Optional NVM Commands (0x0004):     DS_Mngmt
Maximum Data Transfer Size:         256 Pages

Supported Power States
St Op     Max   Active     Idle   RL RT WL WT  Ent_Lat  Ex_Lat
 0 +     0.00W       -        -    0  0  0  0        0       0

=== START OF SMART DATA SECTION ===
SMART overall-health self-assessment test result: PASSED

SMART/Health Information (NVMe Log 0x02)
Critical Warning:                   0x00
Temperature:                        36 Celsius
Available Spare:                    100%
Available Spare Threshold:          99%
Percentage Used:                    0%
Data Units Read:                    20,394,678 [10.4 TB]
Data Units Written:                 15,874,038 [8.12 TB]
Host Read Commands:                 216,679,467
Host Write Commands:                159,842,423
Controller Busy Time:               0
Power Cycles:                       126
Power On Hours:                     168
Unsafe Shutdowns:                   6
Media and Data Integrity Errors:    0
Error Information Log Entries:      0

Read 1 entries from Error Information Log failed: GetLogPage failed: system=0x38, sub=0x0, code=745

smartctl 7.2 2020-12-30 r5155 [Darwin 20.3.0 arm64] (local build)
Copyright (C) 2002-20, Bruce Allen, Christian Franke, www.smartmontools.org

=== START OF INFORMATION SECTION ===
Model Number:                       APPLE SSD AP0512Q
Serial Number:                      0ba0127a24b4481b
Firmware Version:                   2.101.1
PCI Vendor/Subsystem ID:            0x106b
IEEE OUI Identifier:                0x000000
Controller ID:                      0
NVMe Version:                       <1.2
Number of Namespaces:               3
Local Time is:                      Tue Aug 10 19:57:47 2021 CST
Firmware Updates (0x02):            1 Slot
Optional Admin Commands (0x0004):   Frmw_DL
Optional NVM Commands (0x0004):     DS_Mngmt
Maximum Data Transfer Size:         256 Pages

Supported Power States
St Op     Max   Active     Idle   RL RT WL WT  Ent_Lat  Ex_Lat
 0 +     0.00W       -        -    0  0  0  0        0       0

=== START OF SMART DATA SECTION ===
SMART overall-health self-assessment test result: PASSED

SMART/Health Information (NVMe Log 0x02)
Critical Warning:                   0x00
Temperature:                        34 Celsius
Available Spare:                    100%
Available Spare Threshold:          99%
Percentage Used:                    0%
Data Units Read:                    20,475,493 [10.4 TB]
Data Units Written:                 15,913,845 [8.14 TB]
Host Read Commands:                 217,586,400
Host Write Commands:                160,046,129
Controller Busy Time:               0
Power Cycles:                       132
Power On Hours:                     168
Unsafe Shutdowns:                   7
Media and Data Integrity Errors:    0
Error Information Log Entries:      0

Read 1 entries from Error Information Log failed: GetLogPage failed: system=0x38, sub=0x0, code=745

smartctl 7.2 2020-12-30 r5155 [Darwin 20.3.0 arm64] (local build)
Copyright (C) 2002-20, Bruce Allen, Christian Franke, www.smartmontools.org

=== START OF INFORMATION SECTION ===
Model Number:                       APPLE SSD AP0512Q
Serial Number:                      0ba0127a24b4481b
Firmware Version:                   2.101.1
PCI Vendor/Subsystem ID:            0x106b
IEEE OUI Identifier:                0x000000
Controller ID:                      0
NVMe Version:                       <1.2
Number of Namespaces:               3
Local Time is:                      Tue Aug 10 20:14:11 2021 CST
Firmware Updates (0x02):            1 Slot
Optional Admin Commands (0x0004):   Frmw_DL
Optional NVM Commands (0x0004):     DS_Mngmt
Maximum Data Transfer Size:         256 Pages

Supported Power States
St Op     Max   Active     Idle   RL RT WL WT  Ent_Lat  Ex_Lat
 0 +     0.00W       -        -    0  0  0  0        0       0

=== START OF SMART DATA SECTION ===
SMART overall-health self-assessment test result: PASSED

SMART/Health Information (NVMe Log 0x02)
Critical Warning:                   0x00
Temperature:                        33 Celsius
Available Spare:                    100%
Available Spare Threshold:          99%
Percentage Used:                    0%
Data Units Read:                    20,513,040 [10.5 TB]
Data Units Written:                 15,930,768 [8.15 TB]
Host Read Commands:                 218,039,770
Host Write Commands:                160,124,057
Controller Busy Time:               0
Power Cycles:                       136
Power On Hours:                     168
Unsafe Shutdowns:                   7
Media and Data Integrity Errors:    0
Error Information Log Entries:      0

Read 1 entries from Error Information Log failed: GetLogPage failed: system=0x38, sub=0x0, code=745

smartctl 7.2 2020-12-30 r5155 [Darwin 20.3.0 arm64] (local build)
Copyright (C) 2002-20, Bruce Allen, Christian Franke, www.smartmontools.org

=== START OF INFORMATION SECTION ===
Model Number:                       APPLE SSD AP0512Q
Serial Number:                      0ba0127a24b4481b
Firmware Version:                   2.101.1
PCI Vendor/Subsystem ID:            0x106b
IEEE OUI Identifier:                0x000000
Controller ID:                      0
NVMe Version:                       <1.2
Number of Namespaces:               3
Local Time is:                      Tue Aug 10 20:28:15 2021 CST
Firmware Updates (0x02):            1 Slot
Optional Admin Commands (0x0004):   Frmw_DL
Optional NVM Commands (0x0004):     DS_Mngmt
Maximum Data Transfer Size:         256 Pages

Supported Power States
St Op     Max   Active     Idle   RL RT WL WT  Ent_Lat  Ex_Lat
 0 +     0.00W       -        -    0  0  0  0        0       0

=== START OF SMART DATA SECTION ===
SMART overall-health self-assessment test result: PASSED

SMART/Health Information (NVMe Log 0x02)
Critical Warning:                   0x00
Temperature:                        38 Celsius
Available Spare:                    100%
Available Spare Threshold:          99%
Percentage Used:                    0%
Data Units Read:                    20,544,470 [10.5 TB]
Data Units Written:                 15,948,929 [8.16 TB]
Host Read Commands:                 218,438,883
Host Write Commands:                160,230,201
Controller Busy Time:               0
Power Cycles:                       138
Power On Hours:                     168
Unsafe Shutdowns:                   7
Media and Data Integrity Errors:    0
Error Information Log Entries:      0

Read 1 entries from Error Information Log failed: GetLogPage failed: system=0x38, sub=0x0, code=745

smartctl 7.2 2020-12-30 r5155 [Darwin 20.6.0 arm64] (local build)
Copyright (C) 2002-20, Bruce Allen, Christian Franke, www.smartmontools.org

=== START OF INFORMATION SECTION ===
Model Number:                       APPLE SSD AP0512Q
Serial Number:                      0ba0127a24b4481b
Firmware Version:                   2.120.4
PCI Vendor/Subsystem ID:            0x106b
IEEE OUI Identifier:                0x000000
Controller ID:                      0
NVMe Version:                       <1.2
Number of Namespaces:               3
Local Time is:                      Wed Aug 11 09:12:05 2021 CST
Firmware Updates (0x02):            1 Slot
Optional Admin Commands (0x0004):   Frmw_DL
Optional NVM Commands (0x0004):     DS_Mngmt
Maximum Data Transfer Size:         256 Pages

Supported Power States
St Op     Max   Active     Idle   RL RT WL WT  Ent_Lat  Ex_Lat
 0 +     0.00W       -        -    0  0  0  0        0       0

=== START OF SMART DATA SECTION ===
SMART overall-health self-assessment test result: PASSED

SMART/Health Information (NVMe Log 0x02)
Critical Warning:                   0x00
Temperature:                        57 Celsius
Available Spare:                    100%
Available Spare Threshold:          99%
Percentage Used:                    0%
Data Units Read:                    20,774,612 [10.6 TB]
Data Units Written:                 16,078,313 [8.23 TB]
Host Read Commands:                 222,578,749
Host Write Commands:                161,809,602
Controller Busy Time:               0
Power Cycles:                       140
Power On Hours:                     169
Unsafe Shutdowns:                   7
Media and Data Integrity Errors:    0
Error Information Log Entries:      0

Read 1 entries from Error Information Log failed: GetLogPage failed: system=0x38, sub=0x0, code=745

smartctl 7.2 2020-12-30 r5155 [Darwin 20.6.0 arm64] (local build)
Copyright (C) 2002-20, Bruce Allen, Christian Franke, www.smartmontools.org

=== START OF INFORMATION SECTION ===
Model Number:                       APPLE SSD AP0512Q
Serial Number:                      0ba0127a24b4481b
Firmware Version:                   2.120.4
PCI Vendor/Subsystem ID:            0x106b
IEEE OUI Identifier:                0x000000
Controller ID:                      0
NVMe Version:                       <1.2
Number of Namespaces:               3
Local Time is:                      Wed Aug 11 10:55:34 2021 CST
Firmware Updates (0x02):            1 Slot
Optional Admin Commands (0x0004):   Frmw_DL
Optional NVM Commands (0x0004):     DS_Mngmt
Maximum Data Transfer Size:         256 Pages

Supported Power States
St Op     Max   Active     Idle   RL RT WL WT  Ent_Lat  Ex_Lat
 0 +     0.00W       -        -    0  0  0  0        0       0

=== START OF SMART DATA SECTION ===
SMART overall-health self-assessment test result: PASSED

SMART/Health Information (NVMe Log 0x02)
Critical Warning:                   0x00
Temperature:                        42 Celsius
Available Spare:                    100%
Available Spare Threshold:          99%
Percentage Used:                    0%
Data Units Read:                    20,798,904 [10.6 TB]
Data Units Written:                 16,085,358 [8.23 TB]
Host Read Commands:                 222,931,531
Host Write Commands:                162,087,244
Controller Busy Time:               0
Power Cycles:                       140
Power On Hours:                     170
Unsafe Shutdowns:                   7
Media and Data Integrity Errors:    0
Error Information Log Entries:      0

Read 1 entries from Error Information Log failed: GetLogPage failed: system=0x38, sub=0x0, code=745

smartctl 7.2 2020-12-30 r5155 [Darwin 20.6.0 arm64] (local build)
Copyright (C) 2002-20, Bruce Allen, Christian Franke, www.smartmontools.org

=== START OF INFORMATION SECTION ===
Model Number:                       APPLE SSD AP0512Q
Serial Number:                      0ba0127a24b4481b
Firmware Version:                   2.120.4
PCI Vendor/Subsystem ID:            0x106b
IEEE OUI Identifier:                0x000000
Controller ID:                      0
NVMe Version:                       <1.2
Number of Namespaces:               3
Local Time is:                      Wed Aug 11 13:51:55 2021 CST
Firmware Updates (0x02):            1 Slot
Optional Admin Commands (0x0004):   Frmw_DL
Optional NVM Commands (0x0004):     DS_Mngmt
Maximum Data Transfer Size:         256 Pages

Supported Power States
St Op     Max   Active     Idle   RL RT WL WT  Ent_Lat  Ex_Lat
 0 +     0.00W       -        -    0  0  0  0        0       0

=== START OF SMART DATA SECTION ===
SMART overall-health self-assessment test result: PASSED

SMART/Health Information (NVMe Log 0x02)
Critical Warning:                   0x00
Temperature:                        38 Celsius
Available Spare:                    100%
Available Spare Threshold:          99%
Percentage Used:                    0%
Data Units Read:                    20,822,503 [10.6 TB]
Data Units Written:                 16,091,649 [8.23 TB]
Host Read Commands:                 223,525,093
Host Write Commands:                162,428,918
Controller Busy Time:               0
Power Cycles:                       140
Power On Hours:                     170
Unsafe Shutdowns:                   7
Media and Data Integrity Errors:    0
Error Information Log Entries:      0

Read 1 entries from Error Information Log failed: GetLogPage failed: system=0x38, sub=0x0, code=745

smartctl 7.2 2020-12-30 r5155 [Darwin 20.6.0 arm64] (local build)
Copyright (C) 2002-20, Bruce Allen, Christian Franke, www.smartmontools.org

=== START OF INFORMATION SECTION ===
Model Number:                       APPLE SSD AP0512Q
Serial Number:                      0ba0127a24b4481b
Firmware Version:                   2.120.4
PCI Vendor/Subsystem ID:            0x106b
IEEE OUI Identifier:                0x000000
Controller ID:                      0
NVMe Version:                       <1.2
Number of Namespaces:               3
Local Time is:                      Wed Aug 11 17:36:15 2021 CST
Firmware Updates (0x02):            1 Slot
Optional Admin Commands (0x0004):   Frmw_DL
Optional NVM Commands (0x0004):     DS_Mngmt
Maximum Data Transfer Size:         256 Pages

Supported Power States
St Op     Max   Active     Idle   RL RT WL WT  Ent_Lat  Ex_Lat
 0 +     0.00W       -        -    0  0  0  0        0       0

=== START OF SMART DATA SECTION ===
SMART overall-health self-assessment test result: PASSED

SMART/Health Information (NVMe Log 0x02)
Critical Warning:                   0x00
Temperature:                        37 Celsius
Available Spare:                    100%
Available Spare Threshold:          99%
Percentage Used:                    0%
Data Units Read:                    20,864,784 [10.6 TB]
Data Units Written:                 16,110,075 [8.24 TB]
Host Read Commands:                 224,553,856
Host Write Commands:                163,149,157
Controller Busy Time:               0
Power Cycles:                       140
Power On Hours:                     171
Unsafe Shutdowns:                   7
Media and Data Integrity Errors:    0
Error Information Log Entries:      0

Read 1 entries from Error Information Log failed: GetLogPage failed: system=0x38, sub=0x0, code=745

smartctl 7.2 2020-12-30 r5155 [Darwin 20.6.0 arm64] (local build)
Copyright (C) 2002-20, Bruce Allen, Christian Franke, www.smartmontools.org

=== START OF INFORMATION SECTION ===
Model Number:                       APPLE SSD AP0512Q
Serial Number:                      0ba0127a24b4481b
Firmware Version:                   2.120.4
PCI Vendor/Subsystem ID:            0x106b
IEEE OUI Identifier:                0x000000
Controller ID:                      0
NVMe Version:                       <1.2
Number of Namespaces:               3
Local Time is:                      Wed Aug 11 23:28:17 2021 CST
Firmware Updates (0x02):            1 Slot
Optional Admin Commands (0x0004):   Frmw_DL
Optional NVM Commands (0x0004):     DS_Mngmt
Maximum Data Transfer Size:         256 Pages

Supported Power States
St Op     Max   Active     Idle   RL RT WL WT  Ent_Lat  Ex_Lat
 0 +     0.00W       -        -    0  0  0  0        0       0

=== START OF SMART DATA SECTION ===
SMART overall-health self-assessment test result: PASSED

SMART/Health Information (NVMe Log 0x02)
Critical Warning:                   0x00
Temperature:                        43 Celsius
Available Spare:                    100%
Available Spare Threshold:          99%
Percentage Used:                    0%
Data Units Read:                    20,940,473 [10.7 TB]
Data Units Written:                 16,132,141 [8.25 TB]
Host Read Commands:                 226,866,538
Host Write Commands:                164,318,187
Controller Busy Time:               0
Power Cycles:                       140
Power On Hours:                     172
Unsafe Shutdowns:                   7
Media and Data Integrity Errors:    0
Error Information Log Entries:      0

Read 1 entries from Error Information Log failed: GetLogPage failed: system=0x38, sub=0x0, code=745

smartctl 7.2 2020-12-30 r5155 [Darwin 20.6.0 arm64] (local build)
Copyright (C) 2002-20, Bruce Allen, Christian Franke, www.smartmontools.org

=== START OF INFORMATION SECTION ===
Model Number:                       APPLE SSD AP0512Q
Serial Number:                      0ba0127a24b4481b
Firmware Version:                   2.120.4
PCI Vendor/Subsystem ID:            0x106b
IEEE OUI Identifier:                0x000000
Controller ID:                      0
NVMe Version:                       <1.2
Number of Namespaces:               3
Local Time is:                      Thu Aug 12 08:58:36 2021 CST
Firmware Updates (0x02):            1 Slot
Optional Admin Commands (0x0004):   Frmw_DL
Optional NVM Commands (0x0004):     DS_Mngmt
Maximum Data Transfer Size:         256 Pages

Supported Power States
St Op     Max   Active     Idle   RL RT WL WT  Ent_Lat  Ex_Lat
 0 +     0.00W       -        -    0  0  0  0        0       0

=== START OF SMART DATA SECTION ===
SMART overall-health self-assessment test result: PASSED

SMART/Health Information (NVMe Log 0x02)
Critical Warning:                   0x00
Temperature:                        38 Celsius
Available Spare:                    100%
Available Spare Threshold:          99%
Percentage Used:                    0%
Data Units Read:                    20,998,024 [10.7 TB]
Data Units Written:                 16,137,136 [8.26 TB]
Host Read Commands:                 227,918,592
Host Write Commands:                164,552,006
Controller Busy Time:               0
Power Cycles:                       140
Power On Hours:                     172
Unsafe Shutdowns:                   7
Media and Data Integrity Errors:    0
Error Information Log Entries:      0

Read 1 entries from Error Information Log failed: GetLogPage failed: system=0x38, sub=0x0, code=745

smartctl 7.2 2020-12-30 r5155 [Darwin 20.6.0 arm64] (local build)
Copyright (C) 2002-20, Bruce Allen, Christian Franke, www.smartmontools.org

=== START OF INFORMATION SECTION ===
Model Number:                       APPLE SSD AP0512Q
Serial Number:                      0ba0127a24b4481b
Firmware Version:                   2.120.4
PCI Vendor/Subsystem ID:            0x106b
IEEE OUI Identifier:                0x000000
Controller ID:                      0
NVMe Version:                       <1.2
Number of Namespaces:               3
Local Time is:                      Thu Aug 12 19:10:38 2021 CST
Firmware Updates (0x02):            1 Slot
Optional Admin Commands (0x0004):   Frmw_DL
Optional NVM Commands (0x0004):     DS_Mngmt
Maximum Data Transfer Size:         256 Pages

Supported Power States
St Op     Max   Active     Idle   RL RT WL WT  Ent_Lat  Ex_Lat
 0 +     0.00W       -        -    0  0  0  0        0       0

=== START OF SMART DATA SECTION ===
SMART overall-health self-assessment test result: PASSED

SMART/Health Information (NVMe Log 0x02)
Critical Warning:                   0x00
Temperature:                        47 Celsius
Available Spare:                    100%
Available Spare Threshold:          99%
Percentage Used:                    0%
Data Units Read:                    21,285,305 [10.8 TB]
Data Units Written:                 16,232,940 [8.31 TB]
Host Read Commands:                 233,990,494
Host Write Commands:                166,591,266
Controller Busy Time:               0
Power Cycles:                       142
Power On Hours:                     175
Unsafe Shutdowns:                   7
Media and Data Integrity Errors:    0
Error Information Log Entries:      0

Read 1 entries from Error Information Log failed: GetLogPage failed: system=0x38, sub=0x0, code=745

smartctl 7.2 2020-12-30 r5155 [Darwin 20.6.0 arm64] (local build)
Copyright (C) 2002-20, Bruce Allen, Christian Franke, www.smartmontools.org

=== START OF INFORMATION SECTION ===
Model Number:                       APPLE SSD AP0512Q
Serial Number:                      0ba0127a24b4481b
Firmware Version:                   2.120.4
PCI Vendor/Subsystem ID:            0x106b
IEEE OUI Identifier:                0x000000
Controller ID:                      0
NVMe Version:                       <1.2
Number of Namespaces:               3
Local Time is:                      Sun Aug 15 13:16:20 2021 CST
Firmware Updates (0x02):            1 Slot
Optional Admin Commands (0x0004):   Frmw_DL
Optional NVM Commands (0x0004):     DS_Mngmt
Maximum Data Transfer Size:         256 Pages

Supported Power States
St Op     Max   Active     Idle   RL RT WL WT  Ent_Lat  Ex_Lat
 0 +     0.00W       -        -    0  0  0  0        0       0

=== START OF SMART DATA SECTION ===
SMART overall-health self-assessment test result: PASSED

SMART/Health Information (NVMe Log 0x02)
Critical Warning:                   0x00
Temperature:                        35 Celsius
Available Spare:                    100%
Available Spare Threshold:          99%
Percentage Used:                    0%
Data Units Read:                    21,759,789 [11.1 TB]
Data Units Written:                 16,391,291 [8.39 TB]
Host Read Commands:                 246,519,625
Host Write Commands:                173,529,622
Controller Busy Time:               0
Power Cycles:                       142
Power On Hours:                     186
Unsafe Shutdowns:                   7
Media and Data Integrity Errors:    0
Error Information Log Entries:      0

Read 1 entries from Error Information Log failed: GetLogPage failed: system=0x38, sub=0x0, code=745

smartctl 7.2 2020-12-30 r5155 [Darwin 20.6.0 arm64] (local build)
Copyright (C) 2002-20, Bruce Allen, Christian Franke, www.smartmontools.org

=== START OF INFORMATION SECTION ===
Model Number:                       APPLE SSD AP0512Q
Serial Number:                      0ba0127a24b4481b
Firmware Version:                   2.120.4
PCI Vendor/Subsystem ID:            0x106b
IEEE OUI Identifier:                0x000000
Controller ID:                      0
NVMe Version:                       <1.2
Number of Namespaces:               3
Local Time is:                      Mon Aug 16 19:18:04 2021 CST
Firmware Updates (0x02):            1 Slot
Optional Admin Commands (0x0004):   Frmw_DL
Optional NVM Commands (0x0004):     DS_Mngmt
Maximum Data Transfer Size:         256 Pages

Supported Power States
St Op     Max   Active     Idle   RL RT WL WT  Ent_Lat  Ex_Lat
 0 +     0.00W       -        -    0  0  0  0        0       0

=== START OF SMART DATA SECTION ===
SMART overall-health self-assessment test result: PASSED

SMART/Health Information (NVMe Log 0x02)
Critical Warning:                   0x00
Temperature:                        39 Celsius
Available Spare:                    100%
Available Spare Threshold:          99%
Percentage Used:                    0%
Data Units Read:                    21,887,075 [11.2 TB]
Data Units Written:                 16,443,448 [8.41 TB]
Host Read Commands:                 249,746,139
Host Write Commands:                175,864,874
Controller Busy Time:               0
Power Cycles:                       142
Power On Hours:                     189
Unsafe Shutdowns:                   7
Media and Data Integrity Errors:    0
Error Information Log Entries:      0

Read 1 entries from Error Information Log failed: GetLogPage failed: system=0x38, sub=0x0, code=745

smartctl 7.2 2020-12-30 r5155 [Darwin 20.6.0 arm64] (local build)
Copyright (C) 2002-20, Bruce Allen, Christian Franke, www.smartmontools.org

=== START OF INFORMATION SECTION ===
Model Number:                       APPLE SSD AP0512Q
Serial Number:                      0ba0127a24b4481b
Firmware Version:                   2.120.4
PCI Vendor/Subsystem ID:            0x106b
IEEE OUI Identifier:                0x000000
Controller ID:                      0
NVMe Version:                       <1.2
Number of Namespaces:               3
Local Time is:                      Tue Aug 17 14:33:57 2021 CST
Firmware Updates (0x02):            1 Slot
Optional Admin Commands (0x0004):   Frmw_DL
Optional NVM Commands (0x0004):     DS_Mngmt
Maximum Data Transfer Size:         256 Pages

Supported Power States
St Op     Max   Active     Idle   RL RT WL WT  Ent_Lat  Ex_Lat
 0 +     0.00W       -        -    0  0  0  0        0       0

=== START OF SMART DATA SECTION ===
SMART overall-health self-assessment test result: PASSED

SMART/Health Information (NVMe Log 0x02)
Critical Warning:                   0x00
Temperature:                        42 Celsius
Available Spare:                    100%
Available Spare Threshold:          99%
Percentage Used:                    0%
Data Units Read:                    22,043,386 [11.2 TB]
Data Units Written:                 16,496,959 [8.44 TB]
Host Read Commands:                 253,570,894
Host Write Commands:                177,861,266
Controller Busy Time:               0
Power Cycles:                       146
Power On Hours:                     192
Unsafe Shutdowns:                   7
Media and Data Integrity Errors:    0
Error Information Log Entries:      0

Read 1 entries from Error Information Log failed: GetLogPage failed: system=0x38, sub=0x0, code=745

smartctl 7.2 2020-12-30 r5155 [Darwin 20.6.0 arm64] (local build)
Copyright (C) 2002-20, Bruce Allen, Christian Franke, www.smartmontools.org

=== START OF INFORMATION SECTION ===
Model Number:                       APPLE SSD AP0512Q
Serial Number:                      0ba0127a24b4481b
Firmware Version:                   2.120.4
PCI Vendor/Subsystem ID:            0x106b
IEEE OUI Identifier:                0x000000
Controller ID:                      0
NVMe Version:                       <1.2
Number of Namespaces:               3
Local Time is:                      Thu Aug 19 21:05:08 2021 CST
Firmware Updates (0x02):            1 Slot
Optional Admin Commands (0x0004):   Frmw_DL
Optional NVM Commands (0x0004):     DS_Mngmt
Maximum Data Transfer Size:         256 Pages

Supported Power States
St Op     Max   Active     Idle   RL RT WL WT  Ent_Lat  Ex_Lat
 0 +     0.00W       -        -    0  0  0  0        0       0

=== START OF SMART DATA SECTION ===
SMART overall-health self-assessment test result: PASSED

SMART/Health Information (NVMe Log 0x02)
Critical Warning:                   0x00
Temperature:                        32 Celsius
Available Spare:                    100%
Available Spare Threshold:          99%
Percentage Used:                    0%
Data Units Read:                    22,288,789 [11.4 TB]
Data Units Written:                 16,603,964 [8.50 TB]
Host Read Commands:                 259,220,126
Host Write Commands:                181,845,205
Controller Busy Time:               0
Power Cycles:                       146
Power On Hours:                     197
Unsafe Shutdowns:                   7
Media and Data Integrity Errors:    0
Error Information Log Entries:      0

Read 1 entries from Error Information Log failed: GetLogPage failed: system=0x38, sub=0x0, code=745

smartctl 7.2 2020-12-30 r5155 [Darwin 20.6.0 arm64] (local build)
Copyright (C) 2002-20, Bruce Allen, Christian Franke, www.smartmontools.org

=== START OF INFORMATION SECTION ===
Model Number:                       APPLE SSD AP0512Q
Serial Number:                      0ba0127a24b4481b
Firmware Version:                   2.120.4
PCI Vendor/Subsystem ID:            0x106b
IEEE OUI Identifier:                0x000000
Controller ID:                      0
NVMe Version:                       <1.2
Number of Namespaces:               3
Local Time is:                      Sat Aug 21 14:32:51 2021 CST
Firmware Updates (0x02):            1 Slot
Optional Admin Commands (0x0004):   Frmw_DL
Optional NVM Commands (0x0004):     DS_Mngmt
Maximum Data Transfer Size:         256 Pages

Supported Power States
St Op     Max   Active     Idle   RL RT WL WT  Ent_Lat  Ex_Lat
 0 +     0.00W       -        -    0  0  0  0        0       0

=== START OF SMART DATA SECTION ===
SMART overall-health self-assessment test result: PASSED

SMART/Health Information (NVMe Log 0x02)
Critical Warning:                   0x00
Temperature:                        43 Celsius
Available Spare:                    100%
Available Spare Threshold:          99%
Percentage Used:                    0%
Data Units Read:                    22,542,821 [11.5 TB]
Data Units Written:                 16,695,828 [8.54 TB]
Host Read Commands:                 265,056,803
Host Write Commands:                185,369,167
Controller Busy Time:               0
Power Cycles:                       149
Power On Hours:                     200
Unsafe Shutdowns:                   7
Media and Data Integrity Errors:    0
Error Information Log Entries:      0

Read 1 entries from Error Information Log failed: GetLogPage failed: system=0x38, sub=0x0, code=745

smartctl 7.2 2020-12-30 r5155 [Darwin 20.6.0 arm64] (local build)
Copyright (C) 2002-20, Bruce Allen, Christian Franke, www.smartmontools.org
 
=== START OF INFORMATION SECTION ===
Model Number:                       APPLE SSD AP0512Q
Serial Number:                      0ba0127a24b4481b
Firmware Version:                   2.120.4
PCI Vendor/Subsystem ID:            0x106b
IEEE OUI Identifier:                0x000000
Controller ID:                      0
NVMe Version:                       <1.2
Number of Namespaces:               3
Local Time is:                      Sat Aug 21 22:56:39 2021 CST
Firmware Updates (0x02):            1 Slot
Optional Admin Commands (0x0004):   Frmw_DL
Optional NVM Commands (0x0004):     DS_Mngmt
Maximum Data Transfer Size:         256 Pages

Supported Power States
St Op     Max   Active     Idle   RL RT WL WT  Ent_Lat  Ex_Lat
 0 +     0.00W       -        -    0  0  0  0        0       0

=== START OF SMART DATA SECTION ===
SMART overall-health self-assessment test result: PASSED

SMART/Health Information (NVMe Log 0x02)
Critical Warning:                   0x00
Temperature:                        42 Celsius
Available Spare:                    100%
Available Spare Threshold:          99%
Percentage Used:                    0%
Data Units Read:                    22,646,310 [11.5 TB]
Data Units Written:                 16,733,605 [8.56 TB]
Host Read Commands:                 267,186,674
Host Write Commands:                186,600,292
Controller Busy Time:               0
Power Cycles:                       149
Power On Hours:                     202
Unsafe Shutdowns:                   7
Media and Data Integrity Errors:    0
Error Information Log Entries:      0

Read 1 entries from Error Information Log failed: GetLogPage failed: system=0x38, sub=0x0, code=745

smartctl 7.2 2020-12-30 r5155 [Darwin 20.6.0 arm64] (local build)
Copyright (C) 2002-20, Bruce Allen, Christian Franke, www.smartmontools.org

=== START OF INFORMATION SECTION ===
Model Number:                       APPLE SSD AP0512Q
Serial Number:                      0ba0127a24b4481b
Firmware Version:                   2.120.4
PCI Vendor/Subsystem ID:            0x106b
IEEE OUI Identifier:                0x000000
Controller ID:                      0
NVMe Version:                       <1.2
Number of Namespaces:               3
Local Time is:                      Mon Aug 23 08:01:15 2021 CST
Firmware Updates (0x02):            1 Slot
Optional Admin Commands (0x0004):   Frmw_DL
Optional NVM Commands (0x0004):     DS_Mngmt
Maximum Data Transfer Size:         256 Pages

Supported Power States
St Op     Max   Active     Idle   RL RT WL WT  Ent_Lat  Ex_Lat
 0 +     0.00W       -        -    0  0  0  0        0       0

=== START OF SMART DATA SECTION ===
SMART overall-health self-assessment test result: PASSED

SMART/Health Information (NVMe Log 0x02)
Critical Warning:                   0x00
Temperature:                        34 Celsius
Available Spare:                    100%
Available Spare Threshold:          99%
Percentage Used:                    0%
Data Units Read:                    22,847,982 [11.6 TB]
Data Units Written:                 16,843,342 [8.62 TB]
Host Read Commands:                 272,361,892
Host Write Commands:                189,372,538
Controller Busy Time:               0
Power Cycles:                       149
Power On Hours:                     205
Unsafe Shutdowns:                   7
Media and Data Integrity Errors:    0
Error Information Log Entries:      0

Read 1 entries from Error Information Log failed: GetLogPage failed: system=0x38, sub=0x0, code=745

smartctl 7.2 2020-12-30 r5155 [Darwin 20.6.0 arm64] (local build)
Copyright (C) 2002-20, Bruce Allen, Christian Franke, www.smartmontools.org

=== START OF INFORMATION SECTION ===
Model Number:                       APPLE SSD AP0512Q
Serial Number:                      0ba0127a24b4481b
Firmware Version:                   2.120.4
PCI Vendor/Subsystem ID:            0x106b
IEEE OUI Identifier:                0x000000
Controller ID:                      0
NVMe Version:                       <1.2
Number of Namespaces:               3
Local Time is:                      Mon Aug 23 20:11:34 2021 CST
Firmware Updates (0x02):            1 Slot
Optional Admin Commands (0x0004):   Frmw_DL
Optional NVM Commands (0x0004):     DS_Mngmt
Maximum Data Transfer Size:         256 Pages

Supported Power States
St Op     Max   Active     Idle   RL RT WL WT  Ent_Lat  Ex_Lat
 0 +     0.00W       -        -    0  0  0  0        0       0

=== START OF SMART DATA SECTION ===
SMART overall-health self-assessment test result: PASSED

SMART/Health Information (NVMe Log 0x02)
Critical Warning:                   0x00
Temperature:                        39 Celsius
Available Spare:                    100%
Available Spare Threshold:          99%
Percentage Used:                    0%
Data Units Read:                    22,985,644 [11.7 TB]
Data Units Written:                 16,898,928 [8.65 TB]
Host Read Commands:                 275,933,540
Host Write Commands:                190,659,989
Controller Busy Time:               0
Power Cycles:                       149
Power On Hours:                     208
Unsafe Shutdowns:                   7
Media and Data Integrity Errors:    0
Error Information Log Entries:      0

Read 1 entries from Error Information Log failed: GetLogPage failed: system=0x38, sub=0x0, code=745

smartctl 7.2 2020-12-30 r5155 [Darwin 20.6.0 arm64] (local build)
Copyright (C) 2002-20, Bruce Allen, Christian Franke, www.smartmontools.org

=== START OF INFORMATION SECTION ===
Model Number:                       APPLE SSD AP0512Q
Serial Number:                      0ba0127a24b4481b
Firmware Version:                   2.120.4
PCI Vendor/Subsystem ID:            0x106b
IEEE OUI Identifier:                0x000000
Controller ID:                      0
NVMe Version:                       <1.2
Number of Namespaces:               3
Local Time is:                      Tue Aug 24 08:17:40 2021 CST
Firmware Updates (0x02):            1 Slot
Optional Admin Commands (0x0004):   Frmw_DL
Optional NVM Commands (0x0004):     DS_Mngmt
Maximum Data Transfer Size:         256 Pages

Supported Power States
St Op     Max   Active     Idle   RL RT WL WT  Ent_Lat  Ex_Lat
 0 +     0.00W       -        -    0  0  0  0        0       0

=== START OF SMART DATA SECTION ===
SMART overall-health self-assessment test result: PASSED

SMART/Health Information (NVMe Log 0x02)
Critical Warning:                   0x00
Temperature:                        39 Celsius
Available Spare:                    100%
Available Spare Threshold:          99%
Percentage Used:                    0%
Data Units Read:                    23,082,836 [11.8 TB]
Data Units Written:                 16,939,703 [8.67 TB]
Host Read Commands:                 277,870,753
Host Write Commands:                191,413,625
Controller Busy Time:               0
Power Cycles:                       149
Power On Hours:                     209
Unsafe Shutdowns:                   7
Media and Data Integrity Errors:    0
Error Information Log Entries:      0

Read 1 entries from Error Information Log failed: GetLogPage failed: system=0x38, sub=0x0, code=745

smartctl 7.2 2020-12-30 r5155 [Darwin 20.6.0 arm64] (local build)
Copyright (C) 2002-20, Bruce Allen, Christian Franke, www.smartmontools.org

=== START OF INFORMATION SECTION ===
Model Number:                       APPLE SSD AP0512Q
Serial Number:                      0ba0127a24b4481b
Firmware Version:                   2.120.4
PCI Vendor/Subsystem ID:            0x106b
IEEE OUI Identifier:                0x000000
Controller ID:                      0
NVMe Version:                       <1.2
Number of Namespaces:               3
Local Time is:                      Tue Aug 24 17:28:56 2021 CST
Firmware Updates (0x02):            1 Slot
Optional Admin Commands (0x0004):   Frmw_DL
Optional NVM Commands (0x0004):     DS_Mngmt
Maximum Data Transfer Size:         256 Pages

Supported Power States
St Op     Max   Active     Idle   RL RT WL WT  Ent_Lat  Ex_Lat
 0 +     0.00W       -        -    0  0  0  0        0       0

=== START OF SMART DATA SECTION ===
SMART overall-health self-assessment test result: PASSED

SMART/Health Information (NVMe Log 0x02)
Critical Warning:                   0x00
Temperature:                        36 Celsius
Available Spare:                    100%
Available Spare Threshold:          99%
Percentage Used:                    0%
Data Units Read:                    23,197,487 [11.8 TB]
Data Units Written:                 16,977,815 [8.69 TB]
Host Read Commands:                 280,323,973
Host Write Commands:                192,399,629
Controller Busy Time:               0
Power Cycles:                       149
Power On Hours:                     211
Unsafe Shutdowns:                   7
Media and Data Integrity Errors:    0
Error Information Log Entries:      0

Read 1 entries from Error Information Log failed: GetLogPage failed: system=0x38, sub=0x0, code=745

smartctl 7.2 2020-12-30 r5155 [Darwin 20.6.0 arm64] (local build)
Copyright (C) 2002-20, Bruce Allen, Christian Franke, www.smartmontools.org

=== START OF INFORMATION SECTION ===
Model Number:                       APPLE SSD AP0512Q
Serial Number:                      0ba0127a24b4481b
Firmware Version:                   2.120.4
PCI Vendor/Subsystem ID:            0x106b
IEEE OUI Identifier:                0x000000
Controller ID:                      0
NVMe Version:                       <1.2
Number of Namespaces:               3
Local Time is:                      Wed Aug 25 07:51:44 2021 CST
Firmware Updates (0x02):            1 Slot
Optional Admin Commands (0x0004):   Frmw_DL
Optional NVM Commands (0x0004):     DS_Mngmt
Maximum Data Transfer Size:         256 Pages

Supported Power States
St Op     Max   Active     Idle   RL RT WL WT  Ent_Lat  Ex_Lat
 0 +     0.00W       -        -    0  0  0  0        0       0

=== START OF SMART DATA SECTION ===
SMART overall-health self-assessment test result: PASSED

SMART/Health Information (NVMe Log 0x02)
Critical Warning:                   0x00
Temperature:                        27 Celsius
Available Spare:                    100%
Available Spare Threshold:          99%
Percentage Used:                    0%
Data Units Read:                    23,272,755 [11.9 TB]
Data Units Written:                 17,005,008 [8.70 TB]
Host Read Commands:                 281,973,385
Host Write Commands:                193,107,750
Controller Busy Time:               0
Power Cycles:                       149
Power On Hours:                     212
Unsafe Shutdowns:                   7
Media and Data Integrity Errors:    0
Error Information Log Entries:      0

Read 1 entries from Error Information Log failed: GetLogPage failed: system=0x38, sub=0x0, code=745

smartctl 7.2 2020-12-30 r5155 [Darwin 20.6.0 arm64] (local build)
Copyright (C) 2002-20, Bruce Allen, Christian Franke, www.smartmontools.org

=== START OF INFORMATION SECTION ===
Model Number:                       APPLE SSD AP0512Q
Serial Number:                      0ba0127a24b4481b
Firmware Version:                   2.120.4
PCI Vendor/Subsystem ID:            0x106b
IEEE OUI Identifier:                0x000000
Controller ID:                      0
NVMe Version:                       <1.2
Number of Namespaces:               3
Local Time is:                      Wed Aug 25 09:22:10 2021 CST
Firmware Updates (0x02):            1 Slot
Optional Admin Commands (0x0004):   Frmw_DL
Optional NVM Commands (0x0004):     DS_Mngmt
Maximum Data Transfer Size:         256 Pages

Supported Power States
St Op     Max   Active     Idle   RL RT WL WT  Ent_Lat  Ex_Lat
 0 +     0.00W       -        -    0  0  0  0        0       0

=== START OF SMART DATA SECTION ===
SMART overall-health self-assessment test result: PASSED

SMART/Health Information (NVMe Log 0x02)
Critical Warning:                   0x00
Temperature:                        38 Celsius
Available Spare:                    100%
Available Spare Threshold:          99%
Percentage Used:                    0%
Data Units Read:                    23,305,338 [11.9 TB]
Data Units Written:                 17,021,650 [8.71 TB]
Host Read Commands:                 282,519,928
Host Write Commands:                193,345,607
Controller Busy Time:               0
Power Cycles:                       149
Power On Hours:                     212
Unsafe Shutdowns:                   7
Media and Data Integrity Errors:    0
Error Information Log Entries:      0

Read 1 entries from Error Information Log failed: GetLogPage failed: system=0x38, sub=0x0, code=745

smartctl 7.2 2020-12-30 r5155 [Darwin 20.6.0 arm64] (local build)
Copyright (C) 2002-20, Bruce Allen, Christian Franke, www.smartmontools.org

=== START OF INFORMATION SECTION ===
Model Number:                       APPLE SSD AP0512Q
Serial Number:                      0ba0127a24b4481b
Firmware Version:                   2.120.4
PCI Vendor/Subsystem ID:            0x106b
IEEE OUI Identifier:                0x000000
Controller ID:                      0
NVMe Version:                       <1.2
Number of Namespaces:               3
Local Time is:                      Thu Aug 26 08:06:46 2021 CST
Firmware Updates (0x02):            1 Slot
Optional Admin Commands (0x0004):   Frmw_DL
Optional NVM Commands (0x0004):     DS_Mngmt
Maximum Data Transfer Size:         256 Pages

Supported Power States
St Op     Max   Active     Idle   RL RT WL WT  Ent_Lat  Ex_Lat
 0 +     0.00W       -        -    0  0  0  0        0       0

=== START OF SMART DATA SECTION ===
SMART overall-health self-assessment test result: PASSED

SMART/Health Information (NVMe Log 0x02)
Critical Warning:                   0x00
Temperature:                        33 Celsius
Available Spare:                    100%
Available Spare Threshold:          99%
Percentage Used:                    0%
Data Units Read:                    23,518,685 [12.0 TB]
Data Units Written:                 17,102,662 [8.75 TB]
Host Read Commands:                 287,219,917
Host Write Commands:                195,601,486
Controller Busy Time:               0
Power Cycles:                       149
Power On Hours:                     215
Unsafe Shutdowns:                   7
Media and Data Integrity Errors:    0
Error Information Log Entries:      0

Read 1 entries from Error Information Log failed: GetLogPage failed: system=0x38, sub=0x0, code=745

smartctl 7.2 2020-12-30 r5155 [Darwin 20.6.0 arm64] (local build)
Copyright (C) 2002-20, Bruce Allen, Christian Franke, www.smartmontools.org

=== START OF INFORMATION SECTION ===
Model Number:                       APPLE SSD AP0512Q
Serial Number:                      0ba0127a24b4481b
Firmware Version:                   2.120.4
PCI Vendor/Subsystem ID:            0x106b
IEEE OUI Identifier:                0x000000
Controller ID:                      0
NVMe Version:                       <1.2
Number of Namespaces:               3
Local Time is:                      Fri Aug 27 07:50:17 2021 CST
Firmware Updates (0x02):            1 Slot
Optional Admin Commands (0x0004):   Frmw_DL
Optional NVM Commands (0x0004):     DS_Mngmt
Maximum Data Transfer Size:         256 Pages

Supported Power States
St Op     Max   Active     Idle   RL RT WL WT  Ent_Lat  Ex_Lat
 0 +     0.00W       -        -    0  0  0  0        0       0

=== START OF SMART DATA SECTION ===
SMART overall-health self-assessment test result: PASSED

SMART/Health Information (NVMe Log 0x02)
Critical Warning:                   0x00
Temperature:                        37 Celsius
Available Spare:                    100%
Available Spare Threshold:          99%
Percentage Used:                    0%
Data Units Read:                    23,820,487 [12.1 TB]
Data Units Written:                 17,237,167 [8.82 TB]
Host Read Commands:                 292,745,745
Host Write Commands:                198,930,392
Controller Busy Time:               0
Power Cycles:                       149
Power On Hours:                     219
Unsafe Shutdowns:                   7
Media and Data Integrity Errors:    0
Error Information Log Entries:      0

Read 1 entries from Error Information Log failed: GetLogPage failed: system=0x38, sub=0x0, code=745

smartctl 7.2 2020-12-30 r5155 [Darwin 20.6.0 arm64] (local build)
Copyright (C) 2002-20, Bruce Allen, Christian Franke, www.smartmontools.org

=== START OF INFORMATION SECTION ===
Model Number:                       APPLE SSD AP0512Q
Serial Number:                      0ba0127a24b4481b
Firmware Version:                   2.120.4
PCI Vendor/Subsystem ID:            0x106b
IEEE OUI Identifier:                0x000000
Controller ID:                      0
NVMe Version:                       <1.2
Number of Namespaces:               3
Local Time is:                      Fri Aug 27 18:25:17 2021 CST
Firmware Updates (0x02):            1 Slot
Optional Admin Commands (0x0004):   Frmw_DL
Optional NVM Commands (0x0004):     DS_Mngmt
Maximum Data Transfer Size:         256 Pages

Supported Power States
St Op     Max   Active     Idle   RL RT WL WT  Ent_Lat  Ex_Lat
 0 +     0.00W       -        -    0  0  0  0        0       0

=== START OF SMART DATA SECTION ===
SMART overall-health self-assessment test result: PASSED

SMART/Health Information (NVMe Log 0x02)
Critical Warning:                   0x00
Temperature:                        42 Celsius
Available Spare:                    100%
Available Spare Threshold:          99%
Percentage Used:                    0%
Data Units Read:                    23,956,955 [12.2 TB]
Data Units Written:                 17,296,317 [8.85 TB]
Host Read Commands:                 296,218,126
Host Write Commands:                200,645,823
Controller Busy Time:               0
Power Cycles:                       149
Power On Hours:                     222
Unsafe Shutdowns:                   7
Media and Data Integrity Errors:    0
Error Information Log Entries:      0

Read 1 entries from Error Information Log failed: GetLogPage failed: system=0x38, sub=0x0, code=745

smartctl 7.2 2020-12-30 r5155 [Darwin 20.6.0 arm64] (local build)
Copyright (C) 2002-20, Bruce Allen, Christian Franke, www.smartmontools.org

=== START OF INFORMATION SECTION ===
Model Number:                       APPLE SSD AP0512Q
Serial Number:                      0ba0127a24b4481b
Firmware Version:                   2.120.4
PCI Vendor/Subsystem ID:            0x106b
IEEE OUI Identifier:                0x000000
Controller ID:                      0
NVMe Version:                       <1.2
Number of Namespaces:               3
Local Time is:                      Fri Aug 27 20:00:37 2021 CST
Firmware Updates (0x02):            1 Slot
Optional Admin Commands (0x0004):   Frmw_DL
Optional NVM Commands (0x0004):     DS_Mngmt
Maximum Data Transfer Size:         256 Pages

Supported Power States
St Op     Max   Active     Idle   RL RT WL WT  Ent_Lat  Ex_Lat
 0 +     0.00W       -        -    0  0  0  0        0       0

=== START OF SMART DATA SECTION ===
SMART overall-health self-assessment test result: PASSED

SMART/Health Information (NVMe Log 0x02)
Critical Warning:                   0x00
Temperature:                        38 Celsius
Available Spare:                    100%
Available Spare Threshold:          99%
Percentage Used:                    0%
Data Units Read:                    23,993,522 [12.2 TB]
Data Units Written:                 17,319,616 [8.86 TB]
Host Read Commands:                 296,556,060
Host Write Commands:                200,857,500
Controller Busy Time:               0
Power Cycles:                       149
Power On Hours:                     222
Unsafe Shutdowns:                   7
Media and Data Integrity Errors:    0
Error Information Log Entries:      0

Read 1 entries from Error Information Log failed: GetLogPage failed: system=0x38, sub=0x0, code=745

smartctl 7.2 2020-12-30 r5155 [Darwin 20.6.0 arm64] (local build)
Copyright (C) 2002-20, Bruce Allen, Christian Franke, www.smartmontools.org

=== START OF INFORMATION SECTION ===
Model Number:                       APPLE SSD AP0512Q
Serial Number:                      0ba0127a24b4481b
Firmware Version:                   2.120.4
PCI Vendor/Subsystem ID:            0x106b
IEEE OUI Identifier:                0x000000
Controller ID:                      0
NVMe Version:                       <1.2
Number of Namespaces:               3
Local Time is:                      Sat Aug 28 08:41:57 2021 CST
Firmware Updates (0x02):            1 Slot
Optional Admin Commands (0x0004):   Frmw_DL
Optional NVM Commands (0x0004):     DS_Mngmt
Maximum Data Transfer Size:         256 Pages

Supported Power States
St Op     Max   Active     Idle   RL RT WL WT  Ent_Lat  Ex_Lat
 0 +     0.00W       -        -    0  0  0  0        0       0

=== START OF SMART DATA SECTION ===
SMART overall-health self-assessment test result: PASSED

SMART/Health Information (NVMe Log 0x02)
Critical Warning:                   0x00
Temperature:                        33 Celsius
Available Spare:                    100%
Available Spare Threshold:          99%
Percentage Used:                    0%
Data Units Read:                    24,095,359 [12.3 TB]
Data Units Written:                 17,381,881 [8.89 TB]
Host Read Commands:                 300,070,171
Host Write Commands:                203,141,767
Controller Busy Time:               0
Power Cycles:                       149
Power On Hours:                     225
Unsafe Shutdowns:                   7
Media and Data Integrity Errors:    0
Error Information Log Entries:      0

Read 1 entries from Error Information Log failed: GetLogPage failed: system=0x38, sub=0x0, code=745

smartctl 7.2 2020-12-30 r5155 [Darwin 20.6.0 arm64] (local build)
Copyright (C) 2002-20, Bruce Allen, Christian Franke, www.smartmontools.org

=== START OF INFORMATION SECTION ===
Model Number:                       APPLE SSD AP0512Q
Serial Number:                      0ba0127a24b4481b
Firmware Version:                   2.120.4
PCI Vendor/Subsystem ID:            0x106b
IEEE OUI Identifier:                0x000000
Controller ID:                      0
NVMe Version:                       <1.2
Number of Namespaces:               3
Local Time is:                      Mon Aug 30 09:17:18 2021 CST
Firmware Updates (0x02):            1 Slot
Optional Admin Commands (0x0004):   Frmw_DL
Optional NVM Commands (0x0004):     DS_Mngmt
Maximum Data Transfer Size:         256 Pages

Supported Power States
St Op     Max   Active     Idle   RL RT WL WT  Ent_Lat  Ex_Lat
 0 +     0.00W       -        -    0  0  0  0        0       0

=== START OF SMART DATA SECTION ===
SMART overall-health self-assessment test result: PASSED

SMART/Health Information (NVMe Log 0x02)
Critical Warning:                   0x00
Temperature:                        39 Celsius
Available Spare:                    100%
Available Spare Threshold:          99%
Percentage Used:                    0%
Data Units Read:                    25,099,008 [12.8 TB]
Data Units Written:                 18,098,817 [9.26 TB]
Host Read Commands:                 317,470,903
Host Write Commands:                211,494,782
Controller Busy Time:               0
Power Cycles:                       149
Power On Hours:                     237
Unsafe Shutdowns:                   7
Media and Data Integrity Errors:    0
Error Information Log Entries:      0

Read 1 entries from Error Information Log failed: GetLogPage failed: system=0x38, sub=0x0, code=745

smartctl 7.2 2020-12-30 r5155 [Darwin 20.6.0 arm64] (local build)
Copyright (C) 2002-20, Bruce Allen, Christian Franke, www.smartmontools.org

=== START OF INFORMATION SECTION ===
Model Number:                       APPLE SSD AP0512Q
Serial Number:                      0ba0127a24b4481b
Firmware Version:                   2.120.4
PCI Vendor/Subsystem ID:            0x106b
IEEE OUI Identifier:                0x000000
Controller ID:                      0
NVMe Version:                       <1.2
Number of Namespaces:               3
Local Time is:                      Mon Aug 30 18:46:15 2021 CST
Firmware Updates (0x02):            1 Slot
Optional Admin Commands (0x0004):   Frmw_DL
Optional NVM Commands (0x0004):     DS_Mngmt
Maximum Data Transfer Size:         256 Pages

Supported Power States
St Op     Max   Active     Idle   RL RT WL WT  Ent_Lat  Ex_Lat
 0 +     0.00W       -        -    0  0  0  0        0       0

=== START OF SMART DATA SECTION ===
SMART overall-health self-assessment test result: PASSED

SMART/Health Information (NVMe Log 0x02)
Critical Warning:                   0x00
Temperature:                        39 Celsius
Available Spare:                    100%
Available Spare Threshold:          99%
Percentage Used:                    0%
Data Units Read:                    25,222,745 [12.9 TB]
Data Units Written:                 18,137,259 [9.28 TB]
Host Read Commands:                 319,977,396
Host Write Commands:                212,915,538
Controller Busy Time:               0
Power Cycles:                       150
Power On Hours:                     239
Unsafe Shutdowns:                   7
Media and Data Integrity Errors:    0
Error Information Log Entries:      0

Read 1 entries from Error Information Log failed: GetLogPage failed: system=0x38, sub=0x0, code=745

smartctl 7.2 2020-12-30 r5155 [Darwin 20.6.0 arm64] (local build)
Copyright (C) 2002-20, Bruce Allen, Christian Franke, www.smartmontools.org

=== START OF INFORMATION SECTION ===
Model Number:                       APPLE SSD AP0512Q
Serial Number:                      0ba0127a24b4481b
Firmware Version:                   2.120.4
PCI Vendor/Subsystem ID:            0x106b
IEEE OUI Identifier:                0x000000
Controller ID:                      0
NVMe Version:                       <1.2
Number of Namespaces:               3
Local Time is:                      Tue Aug 31 08:07:00 2021 CST
Firmware Updates (0x02):            1 Slot
Optional Admin Commands (0x0004):   Frmw_DL
Optional NVM Commands (0x0004):     DS_Mngmt
Maximum Data Transfer Size:         256 Pages

Supported Power States
St Op     Max   Active     Idle   RL RT WL WT  Ent_Lat  Ex_Lat
 0 +     0.00W       -        -    0  0  0  0        0       0

=== START OF SMART DATA SECTION ===
SMART overall-health self-assessment test result: PASSED

SMART/Health Information (NVMe Log 0x02)
Critical Warning:                   0x00
Temperature:                        33 Celsius
Available Spare:                    100%
Available Spare Threshold:          99%
Percentage Used:                    0%
Data Units Read:                    25,278,418 [12.9 TB]
Data Units Written:                 18,166,337 [9.30 TB]
Host Read Commands:                 321,763,466
Host Write Commands:                213,915,771
Controller Busy Time:               0
Power Cycles:                       150
Power On Hours:                     240
Unsafe Shutdowns:                   7
Media and Data Integrity Errors:    0
Error Information Log Entries:      0

Read 1 entries from Error Information Log failed: GetLogPage failed: system=0x38, sub=0x0, code=745

smartctl 7.2 2020-12-30 r5155 [Darwin 20.6.0 arm64] (local build)
Copyright (C) 2002-20, Bruce Allen, Christian Franke, www.smartmontools.org

=== START OF INFORMATION SECTION ===
Model Number:                       APPLE SSD AP0512Q
Serial Number:                      0ba0127a24b4481b
Firmware Version:                   2.120.4
PCI Vendor/Subsystem ID:            0x106b
IEEE OUI Identifier:                0x000000
Controller ID:                      0
NVMe Version:                       <1.2
Number of Namespaces:               3
Local Time is:                      Wed Sep  1 08:52:04 2021 CST
Firmware Updates (0x02):            1 Slot
Optional Admin Commands (0x0004):   Frmw_DL
Optional NVM Commands (0x0004):     DS_Mngmt
Maximum Data Transfer Size:         256 Pages

Supported Power States
St Op     Max   Active     Idle   RL RT WL WT  Ent_Lat  Ex_Lat
 0 +     0.00W       -        -    0  0  0  0        0       0

=== START OF SMART DATA SECTION ===
SMART overall-health self-assessment test result: PASSED

SMART/Health Information (NVMe Log 0x02)
Critical Warning:                   0x00
Temperature:                        40 Celsius
Available Spare:                    100%
Available Spare Threshold:          99%
Percentage Used:                    0%
Data Units Read:                    25,474,450 [13.0 TB]
Data Units Written:                 18,425,808 [9.43 TB]
Host Read Commands:                 326,664,827
Host Write Commands:                216,821,772
Controller Busy Time:               0
Power Cycles:                       150
Power On Hours:                     244
Unsafe Shutdowns:                   7
Media and Data Integrity Errors:    0
Error Information Log Entries:      0

Read 1 entries from Error Information Log failed: GetLogPage failed: system=0x38, sub=0x0, code=745

smartctl 7.2 2020-12-30 r5155 [Darwin 20.6.0 arm64] (local build)
Copyright (C) 2002-20, Bruce Allen, Christian Franke, www.smartmontools.org

=== START OF INFORMATION SECTION ===
Model Number:                       APPLE SSD AP0512Q
Serial Number:                      0ba0127a24b4481b
Firmware Version:                   2.120.4
PCI Vendor/Subsystem ID:            0x106b
IEEE OUI Identifier:                0x000000
Controller ID:                      0
NVMe Version:                       <1.2
Number of Namespaces:               3
Local Time is:                      Sat Sep  4 19:49:55 2021 CST
Firmware Updates (0x02):            1 Slot
Optional Admin Commands (0x0004):   Frmw_DL
Optional NVM Commands (0x0004):     DS_Mngmt
Maximum Data Transfer Size:         256 Pages

Supported Power States
St Op     Max   Active     Idle   RL RT WL WT  Ent_Lat  Ex_Lat
 0 +     0.00W       -        -    0  0  0  0        0       0

=== START OF SMART DATA SECTION ===
SMART overall-health self-assessment test result: PASSED

SMART/Health Information (NVMe Log 0x02)
Critical Warning:                   0x00
Temperature:                        39 Celsius
Available Spare:                    100%
Available Spare Threshold:          99%
Percentage Used:                    0%
Data Units Read:                    26,278,143 [13.4 TB]
Data Units Written:                 18,830,583 [9.64 TB]
Host Read Commands:                 344,304,763
Host Write Commands:                225,295,261
Controller Busy Time:               0
Power Cycles:                       151
Power On Hours:                     256
Unsafe Shutdowns:                   7
Media and Data Integrity Errors:    0
Error Information Log Entries:      0

Read 1 entries from Error Information Log failed: GetLogPage failed: system=0x38, sub=0x0, code=745

smartctl 7.2 2020-12-30 r5155 [Darwin 20.6.0 arm64] (local build)
Copyright (C) 2002-20, Bruce Allen, Christian Franke, www.smartmontools.org

=== START OF INFORMATION SECTION ===
Model Number:                       APPLE SSD AP0512Q
Serial Number:                      0ba0127a24b4481b
Firmware Version:                   2.120.4
PCI Vendor/Subsystem ID:            0x106b
IEEE OUI Identifier:                0x000000
Controller ID:                      0
NVMe Version:                       <1.2
Number of Namespaces:               3
Local Time is:                      Mon Sep  6 22:45:41 2021 CST
Firmware Updates (0x02):            1 Slot
Optional Admin Commands (0x0004):   Frmw_DL
Optional NVM Commands (0x0004):     DS_Mngmt
Maximum Data Transfer Size:         256 Pages

Supported Power States
St Op     Max   Active     Idle   RL RT WL WT  Ent_Lat  Ex_Lat
 0 +     0.00W       -        -    0  0  0  0        0       0

=== START OF SMART DATA SECTION ===
SMART overall-health self-assessment test result: PASSED

SMART/Health Information (NVMe Log 0x02)
Critical Warning:                   0x00
Temperature:                        41 Celsius
Available Spare:                    100%
Available Spare Threshold:          99%
Percentage Used:                    0%
Data Units Read:                    26,844,412 [13.7 TB]
Data Units Written:                 19,234,768 [9.84 TB]
Host Read Commands:                 356,277,564
Host Write Commands:                233,372,544
Controller Busy Time:               0
Power Cycles:                       151
Power On Hours:                     264
Unsafe Shutdowns:                   7
Media and Data Integrity Errors:    0
Error Information Log Entries:      0

Read 1 entries from Error Information Log failed: GetLogPage failed: system=0x38, sub=0x0, code=745

smartctl 7.2 2020-12-30 r5155 [Darwin 20.6.0 arm64] (local build)
Copyright (C) 2002-20, Bruce Allen, Christian Franke, www.smartmontools.org

=== START OF INFORMATION SECTION ===
Model Number:                       APPLE SSD AP0512Q
Serial Number:                      0ba0127a24b4481b
Firmware Version:                   2.120.4
PCI Vendor/Subsystem ID:            0x106b
IEEE OUI Identifier:                0x000000
Controller ID:                      0
NVMe Version:                       <1.2
Number of Namespaces:               3
Local Time is:                      Tue Sep  7 08:11:20 2021 CST
Firmware Updates (0x02):            1 Slot
Optional Admin Commands (0x0004):   Frmw_DL
Optional NVM Commands (0x0004):     DS_Mngmt
Maximum Data Transfer Size:         256 Pages

Supported Power States
St Op     Max   Active     Idle   RL RT WL WT  Ent_Lat  Ex_Lat
 0 +     0.00W       -        -    0  0  0  0        0       0

=== START OF SMART DATA SECTION ===
SMART overall-health self-assessment test result: PASSED

SMART/Health Information (NVMe Log 0x02)
Critical Warning:                   0x00
Temperature:                        29 Celsius
Available Spare:                    100%
Available Spare Threshold:          99%
Percentage Used:                    0%
Data Units Read:                    26,867,405 [13.7 TB]
Data Units Written:                 19,242,074 [9.85 TB]
Host Read Commands:                 356,661,987
Host Write Commands:                233,552,100
Controller Busy Time:               0
Power Cycles:                       151
Power On Hours:                     264
Unsafe Shutdowns:                   7
Media and Data Integrity Errors:    0
Error Information Log Entries:      0

Read 1 entries from Error Information Log failed: GetLogPage failed: system=0x38, sub=0x0, code=745

smartctl 7.2 2020-12-30 r5155 [Darwin 20.6.0 arm64] (local build)
Copyright (C) 2002-20, Bruce Allen, Christian Franke, www.smartmontools.org

=== START OF INFORMATION SECTION ===
Model Number:                       APPLE SSD AP0512Q
Serial Number:                      0ba0127a24b4481b
Firmware Version:                   2.120.4
PCI Vendor/Subsystem ID:            0x106b
IEEE OUI Identifier:                0x000000
Controller ID:                      0
NVMe Version:                       <1.2
Number of Namespaces:               3
Local Time is:                      Wed Sep  8 13:57:42 2021 CST
Firmware Updates (0x02):            1 Slot
Optional Admin Commands (0x0004):   Frmw_DL
Optional NVM Commands (0x0004):     DS_Mngmt
Maximum Data Transfer Size:         256 Pages

Supported Power States
St Op     Max   Active     Idle   RL RT WL WT  Ent_Lat  Ex_Lat
 0 +     0.00W       -        -    0  0  0  0        0       0

=== START OF SMART DATA SECTION ===
SMART overall-health self-assessment test result: PASSED

SMART/Health Information (NVMe Log 0x02)
Critical Warning:                   0x00
Temperature:                        31 Celsius
Available Spare:                    100%
Available Spare Threshold:          99%
Percentage Used:                    0%
Data Units Read:                    27,147,827 [13.8 TB]
Data Units Written:                 19,397,788 [9.93 TB]
Host Read Commands:                 363,540,841
Host Write Commands:                236,948,803
Controller Busy Time:               0
Power Cycles:                       151
Power On Hours:                     269
Unsafe Shutdowns:                   7
Media and Data Integrity Errors:    0
Error Information Log Entries:      0

Read 1 entries from Error Information Log failed: GetLogPage failed: system=0x38, sub=0x0, code=745

